// Jest Snapshot v1, https://goo.gl/fbAQLP

exports[`<Button /> should render the medium size by default 1`] = `
.c0 {
  color: #EAEAEA;
  background: linear-gradient(180deg,#212125 0%,#2e2e35 100%);
  border: 0;
  cursor: pointer;
  border-radius: 0.4rem;
  padding: 0.8rem;
  font-family: Poppins,-apple-system,BlinkMacSystemFont,'Segoe UI',Roboto,Oxygen,Ubuntu,Cantarell,'Open Sans','Helvetica Neue',sans-serif;
  font-weight: 600;
  height: 4.48rem;
  font-size: 1.4rem;
  padding: 0.8rem 2.4rem;
}

<button
  class="c0"
  color="blackGdt"
>
  <span>
    mais populares
  </span>
</button>
`
